 select deptno,min(sal) from emp group by deptno having min(sal)>=1000;

    DEPTNO   MIN(SAL)                                                           
---------- ----------                                                           
        10       1300                                                           

SQL>  select deptno,min(sal) from emp group by deptno having min(sal)>=1500;

no rows selected

SQL>  select deptno,min(sal) from emp group by deptno having min(sal)>=100;

    DEPTNO   MIN(SAL)                                                           
---------- ----------                                                           
        30        950                                                           
        20        800                                                           
        10       1300                                                           

SQL> desc deptno;
ERROR:
ORA-04043: object deptno does not exist 


SQL> desc emp;
 Name                                      Null?    Type
 ----------------------------------------- -------- ----------------------------
 EMPNO                                     NOT NULL NUMBER(4)
 ENAME                                              VARCHAR2(10)
 JOB                                                VARCHAR2(9)
 MGR                                                NUMBER(4)
 HIREDATE                                           DATE
 SAL                                                NUMBER(7,2)
 COMM                                               NUMBER(7,2)
 DEPTNO                                             NUMBER(2)

SQL> select * from emp;

     EMPNO ENAME      JOB              MGR HIREDATE         SAL       COMM      
---------- ---------- --------- ---------- --------- ---------- ----------      
    DEPTNO                                                                      
----------                                                                      
      7369 SMITH      CLERK           7902 17-DEC-80        800                 
        20                                                                      
                                                                                
      7499 ALLEN      SALESMAN        7698 20-FEB-81       1600        300      
        30                                                                      
                                                                                
      7521 WARD       SALESMAN        7698 22-FEB-81       1250        500      
        30                                                                      
                                                                                

     EMPNO ENAME      JOB              MGR HIREDATE         SAL       COMM      
---------- ---------- --------- ---------- --------- ---------- ----------      
    DEPTNO                                                                      
----------                                                                      
      7566 JONES      MANAGER         7839 02-APR-81       2975                 
        20                                                                      
                                                                                
      7654 MARTIN     SALESMAN        7698 28-SEP-81       1250       1400      
        30                                                                      
                                                                                
      7698 BLAKE      MANAGER         7839 01-MAY-81       2850                 
        30                                                                      
                                                                                

     EMPNO ENAME      JOB              MGR HIREDATE         SAL       COMM      
---------- ---------- --------- ---------- --------- ---------- ----------      
    DEPTNO                                                                      
----------                                                                      
      7782 CLARK      MANAGER         7839 09-JUN-81       2450                 
        10                                                                      
                                                                                
      7788 SCOTT      ANALYST         7566 19-APR-87       3000                 
        20                                                                      
                                                                                
      7839 KING       PRESIDENT            17-NOV-81       5000                 
        10                                                                      
                                                                                

     EMPNO ENAME      JOB              MGR HIREDATE         SAL       COMM      
---------- ---------- --------- ---------- --------- ---------- ----------      
    DEPTNO                                                                      
----------                                                                      
      7844 TURNER     SALESMAN        7698 08-SEP-81       1500          0      
        30                                                                      
                                                                                
      7876 ADAMS      CLERK           7788 23-MAY-87       1100                 
        20                                                                      
                                                                                
      7900 JAMES      CLERK           7698 03-DEC-81        950                 
        30                                                                      
                                                                                

     EMPNO ENAME      JOB              MGR HIREDATE         SAL       COMM      
---------- ---------- --------- ---------- --------- ---------- ----------      
    DEPTNO                                                                      
----------                                                                      
      7902 FORD       ANALYST         7566 03-DEC-81       3000                 
        20                                                                      
                                                                                
      7934 MILLER     CLERK           7782 23-JAN-82       1300                 
        10                                                                      
                                                                                

14 rows selected.

SQL> select deptno as total department,count(*) from emp group by deptno having count (*)>3;
select deptno as total department,count(*) from emp group by deptno having count (*)>3
                       *
ERROR at line 1:
ORA-00923: FROM keyword not found where expected 


SQL>  select deptno as total job,count(*) from emp group by deptno having count (*)>3;
 select deptno as total job,count(*) from emp group by deptno having count (*)>3
                        *
ERROR at line 1:
ORA-00923: FROM keyword not found where expected 


SQL> select e.empno,e.name,d.name,d.loc from emp e.join dept d on e.dept=d.deptno;
select e.empno,e.name,d.name,d.loc from emp e.join dept d on e.dept=d.deptno
                                             *
ERROR at line 1:
ORA-00933: SQL command not properly ended 


SQL> select e.empno,e.name,d.name,d.loc from emp ejoin dept d on e.dept=d.deptno;
select e.empno,e.name,d.name,d.loc from emp ejoin dept d on e.dept=d.deptno
                                                  *
ERROR at line 1:
ORA-00933: SQL command not properly ended 


SQL> select e.empno,e.name,d.name,d.loc from emp e join dept d on e.dept=d.deptno;
select e.empno,e.name,d.name,d.loc from emp e join dept d on e.dept=d.deptno
                                                             *
ERROR at line 1:
ORA-00904: "E"."DEPT": invalid identifier 


SQL> desc emp;
 Name                                      Null?    Type
 ----------------------------------------- -------- ----------------------------
 EMPNO                                     NOT NULL NUMBER(4)
 ENAME                                              VARCHAR2(10)
 JOB                                                VARCHAR2(9)
 MGR                                                NUMBER(4)
 HIREDATE                                           DATE
 SAL                                                NUMBER(7,2)
 COMM                                               NUMBER(7,2)
 DEPTNO                                             NUMBER(2)

SQL> desc dept;
 Name                                      Null?    Type
 ----------------------------------------- -------- ----------------------------
 DEPTNO                                    NOT NULL NUMBER(2)
 DNAME                                              VARCHAR2(14)
 LOC                                                VARCHAR2(13)

SQL> select e.empno,e.name,d.name,d.loc from emp e join dept d on e.deptno=d.deptno;
select e.empno,e.name,d.name,d.loc from emp e join dept d on e.deptno=d.deptno
                      *
ERROR at line 1:
ORA-00904: "D"."NAME": invalid identifier 


SQL> select * from emp natural join dept;

    DEPTNO      EMPNO ENAME      JOB              MGR HIREDATE         SAL      
---------- ---------- ---------- --------- ---------- --------- ----------      
      COMM DNAME          LOC                                                   
---------- -------------- -------------                                         
        10       7782 CLARK      MANAGER         7839 09-JUN-81       2450      
           ACCOUNTING     NEW YORK                                              
                                                                                
        10       7839 KING       PRESIDENT            17-NOV-81       5000      
           ACCOUNTING     NEW YORK                                              
                                                                                
        10       7934 MILLER     CLERK           7782 23-JAN-82       1300      
           ACCOUNTING     NEW YORK                                              
                                                                                

    DEPTNO      EMPNO ENAME      JOB              MGR HIREDATE         SAL      
---------- ---------- ---------- --------- ---------- --------- ----------      
      COMM DNAME          LOC                                                   
---------- -------------- -------------                                         
        20       7566 JONES      MANAGER         7839 02-APR-81       2975      
           RESEARCH       DALLAS                                                
                                                                                
        20       7902 FORD       ANALYST         7566 03-DEC-81       3000      
           RESEARCH       DALLAS                                                
                                                                                
        20       7876 ADAMS      CLERK           7788 23-MAY-87       1100      
           RESEARCH       DALLAS                                                
                                                                                

    DEPTNO      EMPNO ENAME      JOB              MGR HIREDATE         SAL      
---------- ---------- ---------- --------- ---------- --------- ----------      
      COMM DNAME          LOC                                                   
---------- -------------- -------------                                         
        20       7369 SMITH      CLERK           7902 17-DEC-80        800      
           RESEARCH       DALLAS                                                
                                                                                
        20       7788 SCOTT      ANALYST         7566 19-APR-87       3000      
           RESEARCH       DALLAS                                                
                                                                                
        30       7521 WARD       SALESMAN        7698 22-FEB-81       1250      
       500 SALES          CHICAGO                                               
                                                                                

    DEPTNO      EMPNO ENAME      JOB              MGR HIREDATE         SAL      
---------- ---------- ---------- --------- ---------- --------- ----------      
      COMM DNAME          LOC                                                   
---------- -------------- -------------                                         
        30       7844 TURNER     SALESMAN        7698 08-SEP-81       1500      
         0 SALES          CHICAGO                                               
                                                                                
        30       7499 ALLEN      SALESMAN        7698 20-FEB-81       1600      
       300 SALES          CHICAGO                                               
                                                                                
        30       7900 JAMES      CLERK           7698 03-DEC-81        950      
           SALES          CHICAGO                                               
                                                                                

    DEPTNO      EMPNO ENAME      JOB              MGR HIREDATE         SAL      
---------- ---------- ---------- --------- ---------- --------- ----------      
      COMM DNAME          LOC                                                   
---------- -------------- -------------                                         
        30       7698 BLAKE      MANAGER         7839 01-MAY-81       2850      
           SALES          CHICAGO                                               
                                                                                
        30       7654 MARTIN     SALESMAN        7698 28-SEP-81       1250      
      1400 SALES          CHICAGO                                               
                                                                                

14 rows selected.

SQL> 
